// Jest Snapshot v1, https://goo.gl/fbAQLP

exports[`on initial useEffect initialises default state 1`] = `
Object {
  "data": 1234,
  "error": 5678,
  "extensions": undefined,
  "fetching": true,
  "operation": undefined,
  "stale": false,
}
`;
